// Jest Snapshot v1, https://goo.gl/fbAQLP

exports[`<Header /> should render <Header /> component 1`] = `
<div
  class="css-g713d css-limbua"
>
  <a
    class="css-0 css-0"
    href="/"
  >
    <div
      class="css-i6bazn css-1y7im4q"
    >
      <img
        class="css-0 css-bq6z5n"
        src="logo.svg"
      />
    </div>
  </a>
</div>
`;
